[20-Apr-2026 20:35:37 Europe/Berlin] 
===== NEW UPLOAD REQUEST =====

[20-Apr-2026 20:35:51 Europe/Berlin] 
===== NEW UPLOAD REQUEST =====

[20-Apr-2026 20:35:51 Europe/Berlin] Action: upload
[20-Apr-2026 20:35:51 Europe/Berlin] PHP Warning:  Array to string conversion in C:\xampp\htdocs\Framer\admin\client-gallery-upload.php on line 58
[20-Apr-2026 20:35:51 Europe/Berlin] Upload error code: Array
[20-Apr-2026 20:36:38 Europe/Berlin] 
===== NEW UPLOAD REQUEST =====

[20-Apr-2026 20:36:38 Europe/Berlin] Action: upload
[20-Apr-2026 20:36:38 Europe/Berlin] PHP Warning:  Array to string conversion in C:\xampp\htdocs\Framer\admin\client-gallery-upload.php on line 58
[20-Apr-2026 20:36:38 Europe/Berlin] Upload error code: Array
[20-Apr-2026 20:57:11 Europe/Berlin] 
===== NEW UPLOAD REQUEST =====

[20-Apr-2026 20:57:29 Europe/Berlin] 
===== NEW UPLOAD REQUEST =====

[20-Apr-2026 21:00:21 Europe/Berlin] 
===== NEW UPLOAD REQUEST =====

[20-Apr-2026 21:00:21 Europe/Berlin] Action: upload
[20-Apr-2026 21:00:21 Europe/Berlin] PHP Warning:  Array to string conversion in C:\xampp\htdocs\Framer\admin\client-gallery-upload.php on line 58
[20-Apr-2026 21:00:21 Europe/Berlin] Upload error code: Array
